// Jest Snapshot v1, https://goo.gl/fbAQLP

exports[`Test linear value label creation when percentage as 50 1`] = `
<div
  className="makeStyles-root-1"
>
  <div
    className="MuiBox-root MuiBox-root-2"
  >
    <div
      className="MuiBox-root MuiBox-root-3"
    >
      <div
        aria-valuemax={100}
        aria-valuemin={0}
        aria-valuenow={50}
        className="MuiLinearProgress-root MuiLinearProgress-colorPrimary MuiLinearProgress-determinate"
        role="progressbar"
      >
        <div
          className="MuiLinearProgress-bar MuiLinearProgress-barColorPrimary MuiLinearProgress-bar1Determinate"
          style={
            Object {
              "transform": "translateX(-50%)",
            }
          }
        />
      </div>
    </div>
    <div
      className="MuiBox-root MuiBox-root-4"
    >
      <p
        className="MuiTypography-root MuiTypography-body2 MuiTypography-colorTextSecondary"
      >
        Number of fake info detected: 50
      </p>
    </div>
  </div>
</div>
`;
